   Compiling sandtree-daemon v1.1.0 (E:\SandTree\apps\daemon)
   Compiling sandtree-uat-tests v1.1.0 (E:\SandTree\tests\uat)
    Finished `test` profile [optimized + debuginfo] target(s) in 2.17s
     Running tests\acceptance.rs (E:\DevCache\cargo\target-dev\debug\deps\acceptance-8230dc3ff5b806bc.exe)

running 15 tests
test uat_020_the_plugin_host_refuses_a_licence_outside_the_allow_list ... ok
test uat_010_compose_attribution_is_not_invented_for_a_standalone_container ... ok
test uat_004_inspect_returns_the_normalised_node_and_names_what_is_missing ... ok
test uat_003_workspace_browsing_is_canonical_and_windowed ... ok
test uat_018_a_non_desktop_endpoint_is_addressable_and_classified ... ok
test uat_022_trust_is_reported_and_never_rises_under_observation ... ok
test uat_002_a_destructive_lifecycle_refuses_before_anything_else ... ok
test uat_001_the_tree_is_well_formed_and_deterministically_ordered ... ok
test uat_023_an_unavailable_plane_reports_a_state_rather_than_raising ... ok
test uat_021_the_same_domain_set_is_reported_every_time ... ok
test uat_007_exec_output_is_bounded_and_the_bound_is_visible ... ok
test uat_019_cli_and_daemon_expose_the_same_method_set ... ok
test uat_015_the_diagnostics_bundle_is_deterministic_and_secret_free ... ok
test uat_017_a_destructive_action_is_refused_then_audited_when_attempted ... ok
test uat_011_a_visible_snapshot_names_only_objects_the_cas_can_serve ... ok

test result: ok. 15 passed; 0 failed; 0 ignored; 0 measured; 0 filtered out; finished in 0.04s

