    Finished `test` profile [optimized + debuginfo] target(s) in 0.51s
     Running unittests src\lib.rs (E:\DevCache\cargo\target-dev\debug\deps\sandtree_cli-ea809faa54820564.exe)

running 14 tests
test tests::a_failed_response_renders_the_stable_code ... ok
test tests::a_filter_option_without_a_value_is_an_error ... ok
test tests::a_successful_response_renders_pretty_json ... ok
test tests::help_mentions_the_confirmation_requirement ... ok
test tests::the_version_is_the_workspace_version ... ok
test tests::every_command_maps_to_a_declared_method ... ok
test tests::force_never_reaches_the_wire_implicitly ... ok
test tests::help_has_no_method ... ok
test tests::invoke_is_not_forced_unless_the_flag_is_present ... ok
test tests::no_arguments_prints_help ... ok
test tests::show_requires_an_id ... ok
test tests::the_help_text_says_how_to_ask_for_the_version ... ok
test tests::tree_parses_filters ... ok
test tests::an_unknown_command_or_option_is_rejected ... ok

test result: ok. 14 passed; 0 failed; 0 ignored; 0 measured; 0 filtered out; finished in 0.00s

     Running unittests src\lib.rs (E:\DevCache\cargo\target-dev\debug\deps\sandtree_daemon-1c8942544f88f7f1.exe)

running 23 tests
test events::tests::audit_and_error_events_are_durable ... ok
test events::tests::heartbeats_are_never_durable ... ok
test methods::tests::observation_domains_are_validated_by_name ... ok
test events::tests::informational_events_are_still_durable ... ok
test methods::tests::a_kind_filter_ignores_unknown_kinds_rather_than_failing ... ok
test tests::the_default_data_dir_is_absolute_and_version_free ... ok
test events::tests::a_skipped_event_is_still_delivered_live ... ok
test events::tests::a_durable_write_failure_does_not_stop_delivery ... ok
test events::tests::purge_reports_how_many_rows_went_away ... ok
test events::tests::emitting_records_the_durable_count_and_publishes ... ok
test methods::tests::the_version_method_reports_the_crate_version ... ok
test methods::tests::a_missing_parameter_is_a_typed_client_error ... ok
test methods::tests::a_malformed_resource_id_is_rejected_before_the_store ... ok
test tests::the_daemon_boots_without_any_provider_present ... ok
test methods::tests::read_methods_answer_on_an_empty_system ... ok
test tests::every_known_method_has_a_handler ... ok
test tests::the_event_router_is_shared_with_the_kernel ... ok
test tests::shutdown_is_idempotent ... ok
test tests::reconcile_on_an_empty_system_succeeds_and_removes_nothing ... ok
test methods::tests::every_declared_method_is_routed ... ok
test methods::tests::an_unknown_operation_name_is_rejected ... ok
test tests::methods_are_registered_in_sorted_order ... ok
test methods::tests::a_second_daemon_shares_no_state_with_the_first ... ok

test result: ok. 23 passed; 0 failed; 0 ignored; 0 measured; 0 filtered out; finished in 3.17s

     Running unittests src\lib.rs (E:\DevCache\cargo\target-dev\debug\deps\sandtree_event-f2b73a9b95f1c4fd.exe)

running 8 tests
test router::tests::audit_events_are_never_coalesced_away ... ok
test router::tests::dropping_a_subscription_unregisters_it ... ok
test router::tests::non_matching_subscribers_do_not_receive ... ok
test router::tests::filter_matches_by_type_resource_and_severity ... ok
test router::tests::publish_after_close_is_safe ... ok
test router::tests::publish_batch_returns_one_outcome_per_event ... ok
test router::tests::events_reach_matching_subscribers ... ok
test router::tests::slow_subscriber_does_not_grow_without_bound ... ok

test result: ok. 8 passed; 0 failed; 0 ignored; 0 measured; 0 filtered out; finished in 0.00s

     Running unittests src\lib.rs (E:\DevCache\cargo\target-dev\debug\deps\sandtree_feature_compose-55023f488649b663.exe)

running 63 tests
test cli::tests::a_compose_file_is_included_before_the_project_name ... ok
test cli::tests::a_custom_binary_is_used_verbatim ... ok
test cli::tests::a_non_zero_exit_becomes_a_failed_error_carrying_stderr ... ok
test cli::tests::a_present_cli_reports_its_version ... ok
test cli::tests::every_command_renders_as_its_subcommand ... ok
test cli::tests::check_exit_accepts_zero ... ok
test cli::tests::running_with_a_present_cli_records_the_argv ... ok
test cli::tests::unmapped_operation_kinds_have_no_command ... ok
test cli::tests::an_absent_cli_is_reported_rather_than_assumed ... ok
test cli::tests::only_down_is_destructive ... ok
test project::tests::a_unanimously_stopped_project_is_stopped ... ok
test project::tests::a_single_running_container_makes_the_project_running ... ok
test cli::tests::compose_error_codes_stay_on_the_stable_sandbox_registry ... ok
test cli::tests::the_command_table_is_the_full_set_and_unique ... ok
test cli::tests::argv_has_the_expected_shape ... ok
test project::tests::a_fully_stopped_project_is_stopped_not_empty ... ok
test project::tests::a_mixed_project_is_partial ... ok
test project::tests::a_node_without_compose_labels_is_not_compose ... ok
test project::tests::a_project_label_without_a_service_label_is_rejected ... ok
test project::tests::a_project_whose_only_service_is_partial_is_partial_not_stopped ... ok
test project::tests::a_service_with_one_running_and_one_stopped_replica_is_partial ... ok
test cli::tests::operation_kinds_map_to_the_expected_commands ... ok
test project::tests::a_unanimously_running_project_is_running ... ok
test cli::tests::running_with_an_absent_cli_is_an_error_not_an_empty_success ... ok
test project::tests::container_ids_within_a_service_are_sorted ... ok
test project::tests::aggregation_is_deterministic_across_input_orderings ... ok
test project::tests::ids_are_stable_and_distinct ... ok
test project::tests::an_empty_service_list_folds_to_empty ... ok
test project::tests::compose_labels_are_read_from_metadata_alone ... ok
test project::tests::creating_counts_as_running ... ok
test project::tests::an_empty_input_aggregates_to_nothing ... ok
test project::tests::paused_and_exited_do_not_count_as_running ... ok
test project::tests::replicas_of_one_service_fold_to_running ... ok
test project::tests::services_come_back_in_sorted_order ... ok
test project::tests::projects_come_back_in_sorted_order ... ok
test project::tests::status_wire_names_are_distinct ... ok
test provider::tests::a_destructive_down_requires_force ... ok
test provider::tests::a_destructive_down_runs_once_forced ... ok
test provider::tests::a_compose_file_argument_is_forwarded ... ok
test provider::tests::a_failing_compose_cli_surfaces_its_exit_code ... ok
test provider::tests::a_lifecycle_op_without_a_cli_is_refused ... ok
test provider::tests::a_non_destructive_op_runs_the_compose_cli ... ok
test provider::tests::a_non_destructive_op_does_not_need_force ... ok
test provider::tests::a_plain_container_is_not_a_compose_container ... ok
test provider::tests::a_present_cli_means_healthy ... ok
test provider::tests::an_absent_cli_degrades_but_does_not_disappear ... ok
test provider::tests::an_absent_cli_never_records_an_invocation ... ok
test provider::tests::an_unmapped_operation_kind_is_refused ... ok
test provider::tests::compose_containers_are_extracted_from_discovered_nodes ... ok
test provider::tests::degraded_health_still_permits_control_to_be_attempted ... ok
test provider::tests::inspect_finds_a_discovered_project ... ok
test provider::tests::inspect_reports_not_found_for_an_unknown_project ... ok
test provider::tests::observation_of_an_unknown_project_is_empty_not_an_error ... ok
test provider::tests::observation_reports_the_aggregate_project_status ... ok
test provider::tests::observation_warns_instead_of_fabricating_other_domains ... ok
test provider::tests::project_nodes_do_not_invent_a_lifecycle_state ... ok
test provider::tests::project_nodes_record_the_service_map ... ok
test provider::tests::the_descriptor_declares_a_feature_plugin ... ok
test provider::tests::shutdown_is_idempotent_and_leaves_discovery_working ... ok
test tests::plugin_id_is_the_reverse_domain_design_specifies ... ok
test provider::tests::projects_are_discovered_sorted_with_aggregate_status ... ok
test tests::provider_version_is_the_crate_version ... ok
test tests::the_compose_label_prefix_matches_the_docker_provider ... ok

test result: ok. 63 passed; 0 failed; 0 ignored; 0 measured; 0 filtered out; finished in 0.01s

     Running unittests src\lib.rs (E:\DevCache\cargo\target-dev\debug\deps\sandtree_ipc-df9c19ea75275e54.exe)

running 27 tests
test framing::tests::a_partial_frame_is_not_an_error ... ok
test framing::tests::an_oversized_declaration_is_refused_before_buffering ... ok
test method::tests::family_splits_on_the_first_dot ... ok
test framing::tests::decoder_handles_frames_split_across_arbitrary_chunks ... ok
test framing::tests::little_endian_length_prefix ... ok
test framing::tests::round_trip ... ok
test method::tests::all_is_sorted_and_free_of_duplicates ... ok
test method::tests::every_method_is_well_formed_and_registered_in_all ... ok
test framing::tests::decode_exact_rejects_a_truncated_buffer ... ok
test router::tests::an_unknown_method_is_a_typed_error_naming_it ... ok
test method::tests::malformed_names_are_rejected ... ok
test router::tests::a_handler_error_becomes_a_failed_response ... ok
test router::tests::contains_reflects_registration ... ok
test router::tests::re_registering_replaces_the_handler ... ok
test framing::tests::decoder_yields_frames_in_order_from_one_push ... ok
test transport::tests::a_scoped_path_cannot_contain_separators ... ok
test router::tests::methods_are_listed_in_sorted_order ... ok
test router::tests::dispatch_calls_the_registered_handler ... ok
test transport::tests::the_scope_token_cannot_escape_the_pipe_namespace ... ok
test transport::tests::close_is_idempotent ... ok
test framing::tests::empty_payload_is_a_valid_frame ... ok
test router::tests::the_request_id_is_echoed_on_both_paths ... ok
test transport::tests::support_matches_the_build_target ... ok
test transport::tests::the_pipe_name_is_scoped_and_versioned ... ok
test transport::tests::sending_before_connecting_is_an_error_not_a_silent_success ... ok
test framing::tests::a_stream_without_a_usable_prefix_is_still_bounded ... ok
test framing::tests::a_maximum_size_frame_is_accepted ... ok

test result: ok. 27 passed; 0 failed; 0 ignored; 0 measured; 0 filtered out; finished in 0.01s

     Running unittests src\lib.rs (E:\DevCache\cargo\target-dev\debug\deps\sandtree_kernel-394127533f0797ab.exe)

running 19 tests
test tests::a_control_only_instance_is_not_an_observation_instance ... ok
test tests::router_type_is_in_scope ... ok
test tests::bootstrap_creates_a_usable_store_and_starts_empty ... ok
test tests::observation_without_a_provider_is_a_typed_error_not_absence ... ok
test tests::shutdown_releases_every_provider ... ok
test tests::a_destructive_operation_without_force_is_refused_before_dispatch ... ok
test tests::discover_merges_provider_resources ... ok
test tests::an_ungranted_capability_is_refused ... ok
test tests::the_event_router_is_available_immediately ... ok
test tests::a_provider_with_an_endless_cursor_is_cut_off ... ok
test tests::a_forced_destructive_operation_reaches_the_provider ... ok
test tests::the_diagnostics_bundle_is_redacted_and_deterministic ... ok
test tests::the_grace_period_delays_removal_and_then_allows_it ... ok
test tests::an_unavailable_provider_does_not_age_out_its_resources ... ok
test tests::a_resource_whose_parent_is_filtered_out_is_still_visible ... ok
test tests::a_healthy_provider_that_stops_reporting_marks_resources_missing ... ok
test tests::a_long_grace_period_never_removes ... ok
test tests::a_recovered_resource_clears_its_missing_clock ... ok
test tests::a_provider_failure_is_recorded_and_returned_not_swallowed ... ok

test result: ok. 19 passed; 0 failed; 0 ignored; 0 measured; 0 filtered out; finished in 3.76s

     Running unittests src\lib.rs (E:\DevCache\cargo\target-dev\debug\deps\sandtree_model-386cd87c226a215b.exe)

running 35 tests
test capability::tests::empty_set_denies_everything ... ok
test capability::tests::set_allows_uses_any_grant ... ok
test capability::tests::unscoped_grant_covers_any_scope ... ok
test capability::tests::parse_all_namespaces ... ok
test capability::tests::scoped_grant_never_covers_unscoped_request ... ok
test id::tests::derive_ignores_display_name_rename ... ok
test capability::tests::wire_form_is_sorted_and_round_trips ... ok
test capability::tests::scope_does_not_cross_component_boundary ... ok
test error::tests::category_uses_the_frozen_long_names ... ok
test error::tests::error_serializes_with_code_message_detail ... ok
test error::tests::every_code_is_unique_and_prefixed ... ok
test error::tests::every_code_matches_the_frozen_csv_category ... ok
test id::tests::serde_is_transparent_string ... ok
test event::tests::all_event_types_have_names ... ok
test event::tests::event_carries_correlation_and_resource ... ok
test id::tests::derive_changes_with_provider_native_id ... ok
test capability::tests::intersection_computes_actual_grant ... ok
test capability::tests::unknown_namespace_is_rejected ... ok
test id::tests::derive_is_stable_for_identical_inputs ... ok
test id::tests::derived_ids_are_domain_separated ... ok
test id::tests::ordering_is_stable_for_sorting ... ok
test id::tests::parse_rejects_wrong_prefix_and_shape ... ok
test id::tests::parse_round_trips ... ok
test error::tests::retryable_matches_csv ... ok
test event::tests::event_without_resource_omits_field ... ok
test operation::tests::destructive_kinds_are_flagged ... ok
test operation::tests::kind_wire_round_trip ... ok
test operation::tests::operation_state_wire_round_trip ... ok
test operation::tests::outcome_serializes_error_code ... ok
test operation::tests::terminal_states_close_the_job ... ok
test resource::tests::correlation_serializes_as_plain_string ... ok
test resource::tests::endpoint_id_recovered_from_metadata ... ok
test resource::tests::relation_kind_wire_round_trip ... ok
test resource::tests::resource_node_round_trips ... ok
test resource::tests::state_wire_names_are_stable ... ok

test result: ok. 35 passed; 0 failed; 0 ignored; 0 measured; 0 filtered out; finished in 0.00s

     Running unittests src\lib.rs (E:\DevCache\cargo\target-dev\debug\deps\sandtree_observation_core-41acbe0feda8f31e.exe)

running 39 tests
test cache::tests::profiles_are_separated ... ok
test cache::tests::domains_are_stored_independently ... ok
test limits::tests::health_reflects_coverage_not_mode ... ok
test limits::tests::per_domain_limits_differ_for_process_lists ... ok
test cache::tests::invalidation_is_scoped_to_one_resource ... ok
test cache::tests::invalidating_a_resource_clears_every_domain ... ok
test scheduler::tests::invalidation_forces_a_fresh_refresh ... ok
test service::tests::forced_request_bypasses_the_cache ... ok
test limits::tests::deep_nesting_is_rejected_not_truncated ... ok
test limits::tests::oversized_string_is_truncated ... ok
test limits::tests::plain_payload_passes_through ... ok
test limits::tests::oversized_collection_is_truncated ... ok
test cache::tests::eviction_removes_only_expired_entries ... ok
test scheduler::tests::provider_errors_propagate_untouched ... ok
test service::tests::collection_failure_degrades_instead_of_erroring ... ok
test cache::tests::store_and_retrieve_carries_age ... ok
test service::tests::collects_then_serves_from_cache ... ok
test limits::tests::partial_values_make_a_fully_covered_snapshot_degraded ... ok
test scheduler::tests::a_refresh_is_executed_and_reused ... ok
test scheduler::tests::different_domains_do_not_share_a_flight_slot ... ok
test service::tests::invalidation_forces_the_next_request_to_collect ... ok
test service::tests::oversized_domain_payload_is_marked_partial ... ok
test service::tests::partial_coverage_marks_the_snapshot_degraded ... ok
test strategy::tests::empty_request_means_every_domain ... ok
test service::tests::metadata_only_is_flagged_in_the_snapshot ... ok
test cache::tests::expired_entry_is_downgraded_not_returned_as_healthy ... ok
test service::tests::security_violations_are_never_swallowed ... ok
test strategy::tests::caps_with_no_declared_domains_fall_back_to_all ... ok
test strategy::tests::fallback_plan_moves_down_the_chain ... ok
test strategy::tests::kernel_policy_can_forbid_probe ... ok
test strategy::tests::fallback_chain_explains_every_rejected_mode ... ok
test strategy::tests::native_wins_when_offered ... ok
test strategy::tests::limits_come_from_the_requested_domains ... ok
test strategy::tests::no_modes_at_all_is_a_typed_error ... ok
test strategy::tests::plan_carries_requested_domains_so_gaps_are_visible ... ok
test strategy::tests::probe_is_used_when_native_is_absent ... ok
test limits::tests::oversized_domain_is_a_typed_error ... ok
test scheduler::tests::deadline_overrun_becomes_a_typed_error ... ok
test scheduler::tests::global_concurrency_is_capped ... ok

test result: ok. 39 passed; 0 failed; 0 ignored; 0 measured; 0 filtered out; finished in 0.13s

     Running unittests src\lib.rs (E:\DevCache\cargo\target-dev\debug\deps\sandtree_observation_model-9196ee2aec3a1853.exe)

running 12 tests
test tests::capabilities_report_domains_per_mode ... ok
test tests::evidence_does_not_promote_guest_trust ... ok
test tests::empty_snapshot_represents_failure_without_error ... ok
test tests::trust_ladder_orders_host_above_guest ... ok
test tests::hash_state_ladder ... ok
test tests::mode_negotiation_order_is_native_exec_probe_metadata ... ok
test tests::snapshot_reports_missing_and_partial_domains ... ok
test tests::snapshot_values_are_sorted_for_byte_stability ... ok
test tests::freshness_defaults_match_design_table ... ok
test tests::wire_names_match_json_schema_and_wit ... ok
test tests::snapshot_with_guest_probe_is_not_authoritative ... ok
test tests::trust_never_escalates_when_merged ... ok

test result: ok. 12 passed; 0 failed; 0 ignored; 0 measured; 0 filtered out; finished in 0.00s

     Running unittests src\lib.rs (E:\DevCache\cargo\target-dev\debug\deps\sandtree_plugin_host-65a07394225cdcb3.exe)

running 38 tests
test limits::tests::tightening_a_limit_is_allowed ... ok
test hot_swap::tests::health_failure_keeps_the_old_generation_serving ... ok
test limits::tests::resolve_can_never_produce_a_value_looser_than_the_ceiling ... ok
test hot_swap::tests::equal_state_schema_is_accepted ... ok
test hot_swap::tests::accept_failure_keeps_the_old_generation_serving ... ok
test hot_swap::tests::install_of_an_unhealthy_provider_routes_nothing ... ok
test hot_swap::tests::init_failure_keeps_the_old_generation_serving ... ok
test hot_swap::tests::install_runs_init_and_health_before_routing ... ok
test hot_swap::tests::prepare_failure_never_reaches_accept_or_the_route ... ok
test hot_swap::tests::retire_stops_routing_and_shuts_down ... ok
test hot_swap::tests::rollback_after_swap_restores_the_previous_generation ... ok
test hot_swap::tests::stateless_swap_never_migrates ... ok
test hot_swap::tests::state_schema_downgrade_is_refused_before_any_migration ... ok
test limits::tests::no_configuration_means_the_ceiling ... ok
test limits::tests::host_ceiling_is_accepted_by_itself ... ok
test limits::tests::resolve_takes_the_tighter_of_each_field_independently ... ok
test hot_swap::tests::drain_timeout_does_not_undo_a_healthy_swap ... ok
test route::tests::outcome_helpers_read_correctly ... ok
test route::tests::remove_stops_routing ... ok
test route::tests::rollback_restores_the_previous_generation ... ok
test route::tests::swap_returns_the_previous_generation ... ok
test limits::tests::any_loosened_field_is_refused ... ok
test hot_swap::tests::happy_path_follows_the_design_order ... ok
test route::tests::routes_are_per_plugin ... ok
test route::tests::unregistered_plugin_has_no_generation ... ok
test tests::host_enumerates_in_deterministic_order ... ok
test tests::remove_drops_from_both_maps ... ok
test route::tests::swap_is_fast_enough_for_the_requirement ... ok
test tests::replacing_a_generation_does_not_duplicate_the_entry ... ok
test verify::tests::deny_by_default_when_policy_grants_nothing ... ok
test verify::tests::component_is_mandatory_under_the_component_policy ... ok
test verify::tests::empty_license_allow_list_defers_to_release_gating ... ok
test verify::tests::grant_is_the_intersection_not_the_union ... ok
test verify::tests::in_process_provider_needs_no_component ... ok
test verify::tests::invalid_manifest_fails_before_capability_math ... ok
test verify::tests::license_outside_the_allow_list_is_rejected ... ok
test verify::tests::shipped_bytes_without_a_recorded_hash_are_rejected ... ok
test verify::tests::wrong_component_package_namespace_is_refused ... ok

test result: ok. 38 passed; 0 failed; 0 ignored; 0 measured; 0 filtered out; finished in 0.00s

     Running unittests src\lib.rs (E:\DevCache\cargo\target-dev\debug\deps\sandtree_plugin_worker-6827c5b4007738ad.exe)

running 9 tests
test tests::a_malformed_manifest_is_rejected_before_the_file_is_read ... ok
test tests::a_missing_component_file_is_a_manifest_error ... ok
test tests::verification_precedes_any_component_load ... ok
test tests::a_worker_starts_idle ... ok
test tests::loading_without_the_abi_feature_refuses_rather_than_faking_it ... ok
test tests::initialising_before_loading_is_refused ... ok
test tests::retiring_an_unloaded_worker_is_a_no_op ... ok
test tests::verification_requires_component_bytes ... ok
test tests::the_declared_generation_is_carried_through ... ok

test result: ok. 9 passed; 0 failed; 0 ignored; 0 measured; 0 filtered out; finished in 0.69s

     Running unittests src\lib.rs (E:\DevCache\cargo\target-dev\debug\deps\sandtree_policy-a4d602d9bf6c2913.exe)

running 33 tests
test audit::tests::epoch_formats_as_rfc3339 ... ok
test audit::tests::success_record_is_redacted ... ok
test engine::tests::explicit_deny_overrides_grant ... ok
test audit::tests::result_text_is_redacted_because_it_can_carry_a_command_line ... ok
test engine::tests::denial_reason_never_contains_capability_scope_secrets ... ok
test engine::tests::declared_but_ungranted_is_denied_with_distinct_reason ... ok
test engine::tests::dump_is_deterministic_and_shows_clipped_grants ... ok
test engine::tests::nothing_is_granted_by_default ... ok
test engine::tests::grant_wider_than_declaration_is_clipped ... ok
test engine::tests::require_maps_denial_to_policy_error_code ... ok
test engine::tests::revoke_removes_the_grant ... ok
test engine::tests::scoped_grant_applies_to_resource_within_scope_only ... ok
test redact::tests::arrays_are_walked ... ok
test redact::tests::bearer_headers_are_masked ... ok
test trust::tests::freshness_uses_per_domain_limits ... ok
test redact::tests::harmless_text_is_untouched ... ok
test redact::tests::key_value_secrets_are_masked ... ok
test redact::tests::nested_secret_values_are_replaced_not_leaked ... ok
test redact::tests::pem_private_keys_are_removed ... ok
test redact::tests::secret_key_detection_is_broad ... ok
test redact::tests::url_userinfo_is_masked ... ok
test audit::tests::now_ms_is_plausible ... ok
test redact::tests::deep_nesting_is_rejected_instead_of_overflowing ... ok
test audit::tests::failure_record_carries_error_code ... ok
test trust::tests::guest_probe_never_passes_even_with_a_verified_hash ... ok
test trust::tests::host_native_passes_the_destructive_gate ... ok
test trust::tests::permissive_policy_still_requires_provenance ... ok
test trust::tests::remote_exec_is_below_the_default_threshold ... ok
test trust::tests::stale_snapshot_is_rejected_before_trust_is_even_considered ... ok
test trust::tests::timestamp_parsing_is_correct ... ok
test trust::tests::unavailable_snapshot_is_not_evidence_of_absence ... ok
test trust::tests::unparsable_timestamp_is_treated_as_oldest_possible ... ok
test redact::tests::wide_documents_are_bounded ... ok

test result: ok. 33 passed; 0 failed; 0 ignored; 0 measured; 0 filtered out; finished in 0.08s

     Running unittests src\lib.rs (E:\DevCache\cargo\target-dev\debug\deps\sandtree_probe_windows-7f30ec222e5a861e.exe)

running 13 tests
test time::tests::known_instants_format_correctly ... ok
test tests::a_foreign_schema_is_rejected ... ok
test tests::the_hash_detects_tampering_but_never_raises_trust ... ok
test tests::the_hash_is_stable_across_field_insertion_order ... ok
test time::tests::pre_epoch_instants_stay_valid ... ok
test tests::an_unavailable_probe_says_why ... ok
test time::tests::leap_days_are_handled ... ok
test tests::the_domain_set_is_fixed_and_always_populated ... ok
test tests::reading_an_unpublished_envelope_is_an_error_not_an_empty_one ... ok
test tests::a_failed_publish_writes_no_json ... ok
test tests::an_envelope_round_trips_through_the_outbox ... ok
test tests::publication_is_atomic_and_leaves_no_partial_json ... ok
test tests::published_ids_are_sorted ... ok

test result: ok. 13 passed; 0 failed; 0 ignored; 0 measured; 0 filtered out; finished in 0.06s

     Running unittests src\lib.rs (E:\DevCache\cargo\target-dev\debug\deps\sandtree_provider_docker-958d2df53fae26b9.exe)

running 59 tests
test endpoint::tests::cleartext_tcp_is_rejected_not_downgraded ... ok
test endpoint::tests::invalid_port_and_empty_host_are_distinguished ... ok
test endpoint::tests::distinct_endpoints_get_distinct_ids ... ok
test endpoint::tests::https_endpoint_is_accepted_and_marked_tls ... ok
test endpoint::tests::credential_reference_is_stored_not_the_secret ... ok
test host_policy::tests::host_docker_socket_is_never_shareable ... ok
test endpoint::tests::parses_default_named_pipe_and_unix_socket ... ok
test error::tests::provider_errors_carry_stable_codes ... ok
test error::tests::server_409_maps_to_conflict ... ok
test error::tests::server_4xx_and_5xx_split_into_client_and_transport ... ok
test normalize::tests::absent_fields_produce_no_metadata_key ... ok
test endpoint::tests::identity_is_stable_and_normalizes_scheme_case ... ok
test host_policy::tests::drive_roots_are_refused_even_if_listed_as_a_root ... ok
test host_policy::tests::host_network_namespace_is_refused ... ok
test host_policy::tests::privileged_containers_are_refused ... ok
test normalize::tests::image_prefers_digest_for_identity ... ok
test error::tests::io_error_maps_to_retryable_endpoint_code ... ok
test normalize::tests::capabilities_track_state_and_never_expose_unavailable_actions ... ok
test normalize::tests::compose_attribution_requires_both_labels ... ok
test normalize::tests::compose_ids_are_stable_and_project_scoped ... ok
test error::tests::server_404_maps_to_conflict_and_keeps_raw_text_in_detail ... ok
test normalize::tests::container_normalization_emits_expected_fields_and_relations ... ok
test host_policy::tests::configured_workspace_roots_are_allowed ... ok
test normalize::tests::container_state_mapping_covers_docker_vocabulary ... ok
test normalize::tests::identity_survives_a_container_rename ... ok
test host_policy::tests::sibling_prefix_paths_are_not_inside_a_root ... ok
test normalize::tests::image_without_digest_falls_back_to_id_and_is_not_running ... ok
test endpoint::tests::malformed_endpoints_are_rejected ... ok
test normalize::tests::named_volume_mounts_become_edges_and_bind_mounts_become_metadata ... ok
test normalize::tests::network_without_id_or_name_is_not_given_a_fabricated_identity ... ok
test normalize::tests::network_falls_back_to_name_when_id_is_absent ... ok
test normalize::tests::relations_are_deterministically_ordered ... ok
test normalize::tests::same_container_id_on_two_endpoints_stays_distinct ... ok
test normalize::tests::standalone_container_gets_no_compose_relation ... ok
test normalize::tests::volume_identity_is_name_plus_endpoint ... ok
test observation::tests::capabilities_do_not_over_claim_guest_only_domains ... ok
test observation::tests::engine_data_is_provider_native_not_host_native ... ok
test observation::tests::health_domain_sorts_and_dedups_warnings ... ok
test observation::tests::non_container_does_not_claim_process_observation ... ok
test observation::tests::system_domain_reports_only_what_the_engine_sent ... ok
test observation::tests::system_domain_merges_info_when_available ... ok
test observation::tests::unavailable_snapshot_is_a_state_not_an_error ... ok
test provider::tests::compose_helpers_are_reachable_from_the_provider_module ... ok
test provider::tests::capabilities_are_reported_without_any_engine ... ok
test provider::tests::debug_output_omits_secrets ... ok
test provider::tests::construction_needs_no_daemon ... ok
test provider::tests::confirmed_destructive_operation_reaches_the_transport ... ok
test provider::tests::destructive_operations_require_confirmation ... ok
test provider::tests::health_reports_a_usable_engine_as_healthy ... ignored, requires a running Docker Engine on the default named pipe
test provider::tests::discover_fails_loudly_instead_of_returning_an_empty_batch ... ok
test provider::tests::exec_rejects_empty_argv_and_non_container_targets ... ok
test provider::tests::relation_kinds_are_the_documented_docker_set ... ok
test provider::tests::prune_is_refused_outright ... ok
test provider::tests::observe_degrades_instead_of_failing ... ok
test provider::tests::resolve_target_rejects_resources_from_another_provider ... ok
test provider::tests::health_is_unavailable_not_an_error_when_engine_is_unreachable ... ok
test provider::tests::runtime_node_omits_api_version_when_not_negotiated ... ok
test provider::tests::runtime_node_never_leaks_the_credential_reference ... ok
test provider::tests::shutdown_is_idempotent ... ok

test result: ok. 58 passed; 0 failed; 1 ignored; 0 measured; 0 filtered out; finished in 0.01s

     Running unittests src\lib.rs (E:\DevCache\cargo\target-dev\debug\deps\sandtree_provider_docker_sandbox-0712f045dc2efa04.exe)

running 57 tests
test fixture::tests::nested_runtime_relations_use_the_docker_in_sandbox_edge ... ok
test fixture::tests::the_fixture_world_is_not_empty ... ok
test fixture::tests::a_fixture_sandbox_without_a_runtime_emits_no_runtime_relation ... ok
test fixture::tests::relations_always_resolve_to_nodes_in_the_same_batch ... ok
test observation::tests::a_fixture_snapshot_says_so_in_its_own_warnings ... ok
test fixture::tests::ids_are_stable_across_calls ... ok
test observation::tests::snapshot_values_inherit_guest_probe_trust ... ok
test observation::tests::the_unavailable_warning_names_the_tier_and_the_reason ... ok
test observation::tests::unavailable_is_a_snapshot_not_an_error ... ok
test fixture::tests::two_runs_produce_identical_batches ... ok
test fixture::tests::every_node_is_labelled_as_fixture_data ... ok
test observation::tests::a_native_snapshot_carries_no_fixture_warning ... ok
test provider::tests::capabilities_offer_exactly_the_modes_we_answer ... ok
test observation::tests::each_tier_has_a_distinct_provenance_source ... ok
test observation::tests::only_the_native_tier_requires_a_native_credential ... ok
test observation::tests::snapshot_does_not_invent_domains ... ok
test observation::tests::the_cli_tier_does_not_offer_process_or_file_domains ... ok
test observation::tests::the_native_tier_offers_process_and_file_domains ... ok
test fixture::tests::sandbox_nodes_record_the_fixture_tier ... ok
test observation::tests::trust_is_guest_probe_on_every_tier_including_native ... ok
test observation::tests::two_snapshot_builds_are_identical ... ok
test fixture::tests::the_fixture_timestamp_is_fixed_not_wall_clock ... ok
test fixture::tests::image_relations_use_the_uses_image_edge ... ok
test fixture::tests::the_batch_is_already_sorted ... ok
test provider::tests::cli_discovery_is_sorted_by_id ... ok
test provider::tests::fixture_discovery_is_identical_across_provider_instances ... ok
test provider::tests::fixture_nodes_declare_fixture_provenance ... ok
test provider::tests::health_reflects_the_rung_reached ... ok
test provider::tests::inspect_finds_a_fixture_sandbox_at_the_fixture_tier ... ok
test provider::tests::inspect_rejects_a_fixture_id_when_the_api_tier_is_active ... ok
test provider::tests::inspect_reports_a_stable_error_for_an_unknown_id ... ok
test provider::tests::native_observation_never_exceeds_guest_probe ... ok
test provider::tests::is_fixture_id_helper_agrees_with_the_batch ... ok
test provider::tests::observation_at_the_fixture_tier_is_unavailable_not_an_error ... ok
test provider::tests::shutdown_is_idempotent ... ok
test provider::tests::the_cli_tier_refuses_the_native_only_operations ... ok
test provider::tests::the_cli_tier_reports_known_sandboxes_with_unknown_state ... ok
test provider::tests::the_descriptor_reports_the_provider_version ... ok
test provider::tests::the_cli_tier_warns_instead_of_fabricating_a_process_listing ... ok
test provider::tests::the_fixture_tier_refuses_a_fixture_id_at_the_cli_tier ... ok
test provider::tests::the_fixture_tier_refuses_to_fabricate_lifecycle_success ... ok
test tests::fixture_provenance_is_distinguishable_from_real_provenance ... ok
test tests::plugin_id_is_the_reverse_domain_design_specifies ... ok
test provider::tests::the_fixture_tier_still_discovers_resources ... ok
test tests::provider_version_is_the_crate_version ... ok
test tests::supported_api_versions_are_sorted_and_unique ... ok
test tier::tests::an_absent_api_falls_to_the_cli ... ok
test tier::tests::an_absent_api_reports_no_detected_version ... ok
test tier::tests::an_unsupported_api_version_falls_to_the_cli ... ok
test tier::tests::an_unsupported_version_without_a_cli_also_reaches_the_fixture ... ok
test tier::tests::degraded_health_keeps_control_available ... ok
test tier::tests::every_tier_has_a_distinct_wire_name ... ok
test tier::tests::native_wins_when_the_api_is_supported ... ok
test tier::tests::no_api_and_no_cli_reaches_the_fixture_tier ... ok
test tier::tests::the_fixture_tier_never_claims_control_is_available ... ok
test tier::tests::the_fixture_tier_never_claims_real_observation ... ok
test tier::tests::version_support_follows_the_declared_list ... ok

test result: ok. 57 passed; 0 failed; 0 ignored; 0 measured; 0 filtered out; finished in 0.00s

     Running unittests src\lib.rs (E:\DevCache\cargo\target-dev\debug\deps\sandtree_provider_multipass-0817c128f69d45e5.exe)

running 55 tests
test cli::tests::bounding_reports_truncation_explicitly ... ok
test cli::tests::instance_names_reject_option_injection ... ok
test cli::tests::overlong_names_are_rejected ... ok
test observation::tests::an_empty_report_is_unavailable_rather_than_healthy ... ok
test observation::tests::exec_data_is_never_host_native ... ok
test cli::tests::empty_argv_is_rejected_before_spawning ... ok
test observation::tests::unknown_domains_in_a_report_are_ignored ... ok
test cli::tests::missing_binary_is_distinguished_from_a_failed_call ... ok
test observation::tests::a_non_object_payload_is_not_coerced ... ok
test cli::tests::version_argv_is_the_availability_probe ... ok
test cli::tests::instance_names_accept_realistic_values ... ok
test observation::tests::capabilities_claim_exec_but_not_probe_or_nested_docker ... ok
test cli::tests::bounding_counts_characters_not_bytes ... ok
test observation::tests::partial_domain_is_present_and_flagged_not_hidden ... ok
test observation::tests::snapshot_values_are_sorted_for_byte_stability ... ok
test observation::tests::unavailable_snapshot_preserves_the_resource_and_says_why ... ok
test parse::tests::capabilities_track_instance_state ... ok
test parse::tests::collector_domain_wire_round_trip ... ok
test parse::tests::empty_ip_list_produces_no_key ... ok
test parse::tests::empty_list_is_a_valid_empty_result ... ok
test parse::tests::errors_are_sorted_and_deduped_for_stable_output ... ok
test observation::tests::complete_report_yields_a_healthy_snapshot ... ok
test observation::tests::nested_docker_payload_is_surfaced_but_marked_partial ... ok
test parse::tests::instance_id_is_stable_and_name_scoped ... ok
test parse::tests::non_array_fields_are_ignored_rather_than_crashing ... ok
test parse::tests::malformed_list_json_is_rejected ... ok
test parse::tests::exec_argv_preserves_the_caller_vector_exactly ... ok
test parse::tests::collector_argv_uses_option_terminator_and_sorted_domains ... ok
test parse::tests::exec_argv_does_not_interpret_metacharacters ... ok
test parse::tests::parses_a_complete_collector_report ... ok
test parse::tests::partial_collector_output_keeps_good_domains ... ok
test parse::tests::parses_and_sorts_list_entries ... ok
test parse::tests::running_instance_normalizes_expected_fields ... ok
test parse::tests::state_mapping_is_exhaustive_over_documented_values ... ok
test parse::tests::stopped_instance_has_no_ip_metadata_key ... ok
test parse::tests::unknown_collector_keys_and_domains_are_rejected_or_dropped ... ok
test provider::tests::availability_is_probed_once_and_cached ... ok
test provider::tests::declared_capabilities_are_deny_by_default_shaped ... ok
test provider::tests::capabilities_are_available_without_the_product ... ok
test provider::tests::confirmed_lifecycle_issues_the_expected_verb ... ok
test provider::tests::destructive_operations_require_confirmation_before_any_cli_call ... ok
test provider::tests::discover_fails_instead_of_returning_an_empty_batch ... ok
test provider::tests::exec_fails_cleanly_when_the_product_is_absent ... ok
test provider::tests::discover_normalizes_instances_deterministically ... ok
test provider::tests::exec_passes_argv_verbatim_and_reports_the_exit_code ... ok
test provider::tests::exec_rejects_an_empty_argv ... ok
test provider::tests::health_is_unavailable_when_the_binary_is_absent ... ok
test provider::tests::health_is_healthy_when_the_binary_answers ... ok
test provider::tests::inspect_resolves_by_resource_id ... ok
test provider::tests::lifecycle_verbs_match_the_cli_mapping ... ok
test provider::tests::observe_collects_the_system_domain_via_exec ... ok
test provider::tests::observe_degrades_when_the_collector_exits_non_zero ... ok
test provider::tests::observe_degrades_when_the_product_is_absent ... ok
test provider::tests::shutdown_is_idempotent ... ok
test provider::tests::unsupported_operation_is_refused ... ok

test result: ok. 55 passed; 0 failed; 0 ignored; 0 measured; 0 filtered out; finished in 0.00s

     Running unittests src\lib.rs (E:\DevCache\cargo\target-dev\debug\deps\sandtree_provider_windows_sandbox-2786d9bf5ded849b.exe)

running 62 tests
test definition::tests::a_document_without_configuration_is_rejected ... ok
test definition::tests::definition_name_comes_from_the_file_stem ... ok
test definition::tests::bridge_command_interpolates_only_safe_values ... ok
test definition::tests::a_definition_without_mapped_folders_is_accepted ... ok
test definition::tests::parses_a_minimal_definition ... ok
test definition::tests::logon_command_text_is_captured ... ok
test definition::tests::malformed_readonly_attribute_never_becomes_writable ... ok
test definition::tests::containment_rejects_escapes ... ok
test envelope::tests::a_replayed_or_out_of_order_sequence_is_refused ... ok
test definition::tests::guest_folder_traversal_is_refused ... ok
test definition::tests::sandbox_capabilities_never_grant_a_shell ... ok
test definition::tests::sandbox_id_is_stable_and_namespaced ... ok
test definition::tests::writable_mappings_are_limited_to_the_outbox ... ok
test envelope::tests::a_composite_path_key_is_still_checked ... ok
test envelope::tests::a_foreign_nonce_is_refused ... ok
test envelope::tests::a_home_expansion_path_is_refused ... ok
test envelope::tests::a_mismatched_or_empty_hash_is_refused ... ok
test envelope::tests::an_oversized_payload_is_refused ... ok
test definition::tests::mapped_folders_are_sorted_for_deterministic_output ... ok
test envelope::tests::a_stale_or_future_timestamp_is_refused ... ok
test envelope::tests::an_unparsable_timestamp_is_refused ... ok
test definition::tests::normalization_uses_host_observed_state_not_the_document ... ok
test envelope::tests::a_well_formed_envelope_is_accepted ... ok
test envelope::tests::an_ordinary_guest_path_is_accepted ... ok
test envelope::tests::an_oversized_collection_is_refused ... ok
test envelope::tests::a_guest_path_that_escapes_its_root_is_refused ... ok
test envelope::tests::an_unknown_schema_is_refused ... ok
test envelope::tests::a_tampered_payload_fails_the_hash_check ... ok
test definition::tests::protected_host_locations_are_never_mappable ... ok
test envelope::tests::canonical_domains_are_order_independent ... ok
test envelope::tests::malformed_bytes_are_reported_not_panicked ... ok
test envelope::tests::envelope_round_trips_through_json ... ok
test envelope::tests::unc_and_host_root_absolute_paths_are_refused ... ok
test envelope::tests::validation_order_puts_binding_before_content ... ok
test observation::tests::a_full_envelope_set_yields_a_healthy_snapshot ... ok
test observation::tests::later_envelopes_win_per_domain ... ok
test observation::tests::a_missing_domain_degrades_rather_than_failing ... ok
test observation::tests::capabilities_claim_probe_and_metadata_floor ... ok
test observation::tests::nested_docker_is_advertised_only_when_the_guest_reports_one ... ok
test observation::tests::probe_data_is_guest_probe_and_never_security_authoritative ... ok
test observation::tests::snapshot_values_are_sorted_for_byte_stability ... ok
test observation::tests::no_envelope_is_unavailable_not_an_error ... ok
test observation::tests::unavailable_snapshot_records_the_reason ... ok
test envelope::tests::excessive_nesting_is_refused ... ok
test observation::tests::unknown_domain_names_are_dropped ... ok
test provider::tests::debug_output_never_prints_the_session_nonce ... ok
test provider::tests::discover_fails_when_the_definitions_directory_is_missing ... ok
test provider::tests::health_is_unavailable_when_definitions_are_absent ... ok
test provider::tests::destructive_lifecycle_requires_confirmation_first ... ok
test provider::tests::health_is_degraded_before_any_probe_reports ... ok
test provider::tests::capabilities_are_available_without_a_running_probe ... ok
test provider::tests::lifecycle_is_delegated_and_refused_here ... ok
test provider::tests::observe_degrades_when_no_envelope_is_present ... ok
test provider::tests::envelope_validation_advances_the_replay_window ... ok
test provider::tests::shutdown_clears_the_replay_window_and_is_idempotent ... ok
test provider::tests::a_definition_with_a_forbidden_mapping_is_refused_loudly ... ok
test provider::tests::outbox_containment_is_enforced_on_read ... ok
test provider::tests::part_files_are_skipped_as_in_progress ... ok
test provider::tests::a_foreign_nonce_envelope_is_not_consumed ... ok
test provider::tests::observe_merges_a_valid_envelope_as_guest_probe ... ok
test provider::tests::discover_reports_definitions_with_host_observed_state ... ok
test provider::tests::a_malformed_definition_is_skipped_not_fatal ... ok

test result: ok. 62 passed; 0 failed; 0 ignored; 0 measured; 0 filtered out; finished in 0.55s

     Running unittests src\lib.rs (E:\DevCache\cargo\target-dev\debug\deps\sandtree_resource_graph-5942b275b567cd84.exe)

running 13 tests
test graph::tests::a_resource_seen_again_within_grace_stays_alive ... ok
test graph::tests::children_are_deterministically_ordered ... ok
test graph::tests::cycles_do_not_recurse_forever ... ok
test graph::tests::tree_is_ordered_and_filtered_by_node_not_hoisted ... ok
test graph::tests::last_seen_alone_is_not_a_change ... ok
test graph::tests::mark_missing_is_scoped_to_one_provider ... ok
test graph::tests::missing_resource_is_staled_before_being_tombstoned ... ok
test graph::tests::orphan_nodes_are_listable_but_unrendered ... ok
test graph::tests::real_field_change_emits_changed ... ok
test graph::tests::relations_are_deduplicated_and_bidirectional ... ok
test graph::tests::removing_a_node_drops_its_edges ... ok
test graph::tests::timestamp_parsing_is_fail_closed ... ok
test graph::tests::first_batch_emits_added_once_per_id ... ok

test result: ok. 13 passed; 0 failed; 0 ignored; 0 measured; 0 filtered out; finished in 0.00s

     Running unittests src\lib.rs (E:\DevCache\cargo\target-dev\debug\deps\sandtree_sdk-9abb8ca08a3f2c58.exe)

running 23 tests
test manifest::tests::accepts_valid_plugin_manifest ... ok
test manifest::tests::app_manifest_rejects_duplicate_cluster_ids ... ok
test manifest::tests::rejects_duplicate_capabilities ... ok
test manifest::tests::rejects_unknown_field ... ok
test manifest::tests::app_manifest_parses_reference_toml ... ok
test ports::tests::registry_keeps_deterministic_order_and_capability_separation ... ok
test wit::tests::parses_and_accepts_known_world ... ok
test manifest::tests::app_manifest_rejects_empty_plugin_list ... ok
test wit::tests::unknown_component_error_cannot_invent_a_code ... ok
test manifest::tests::cross_checks_shipped_plugin_schema ... ok
test manifest::tests::rejects_non_semver_version ... ok
test manifest::tests::rejects_non_spdx_license ... ok
test manifest::tests::app_manifest_round_trips_json ... ok
test manifest::tests::rejects_unknown_kind ... ok
test manifest::tests::rejects_unknown_schema_version ... ok
test manifest::tests::cross_checks_shipped_app_schema ... ok
test manifest::tests::rejects_unparsable_capability ... ok
test ports::tests::health_control_availability_follows_observation_independence ... ok
test manifest::tests::package_hash_is_blake3_of_bytes ... ok
test ports::tests::unverified_helper_is_the_weakest_trust ... ok
test manifest::tests::rejects_bad_plugin_id ... ok
test wit::tests::rejects_component_from_wrong_package ... ok
test wit::tests::stfs_id_is_derived_from_provider_and_native_id ... ok

test result: ok. 23 passed; 0 failed; 0 ignored; 0 measured; 0 filtered out; finished in 0.00s

     Running unittests src\lib.rs (E:\DevCache\cargo\target-dev\debug\deps\sandtree_store-a7ff73d3dcfff939.exe)

running 37 tests
test db::tests::design_indexes_exist ... ok
test repo::tests::failed_operation_keeps_the_stable_code ... ok
test db::tests::a_newer_database_is_refused_rather_than_downgraded ... ok
test db::tests::every_design_table_exists ... ok
test repo::tests::resource_row_conversion_rejects_corrupt_ids ... ok
test db::tests::foreign_keys_are_enforced ... ok
test repo::tests::docker_endpoint_rejects_embedded_credentials ... ok
test repo::tests::docker_endpoint_round_trips ... ok
test db::tests::migrate_is_idempotent ... ok
test db::tests::interrupted_operations_are_recovered_on_startup ... ok
test repo::tests::app_generations_are_immutable_and_single_active ... ok
test repo::tests::a_tcp_port_is_not_mistaken_for_a_credential ... ok
test db::tests::transaction_rolls_back_on_error ... ok
test repo::tests::events_are_appended_and_purged_by_age ... ok
test db::tests::open_in_memory_applies_the_schema ... ok
test repo::tests::plugin_package_upsert_replaces_instead_of_conflicting ... ok
test repo::tests::workspace_mount_round_trips ... ok
test repo::tests::grants_are_stored_and_ordered ... ok
test resources::tests::delete_removes_relations_too ... ok
test resources::tests::relations_round_trip_and_filter_by_endpoint ... ok
test repo::tests::snapshot_manifest_round_trips ... ok
test resources::tests::resource_round_trips_with_capabilities_and_metadata ... ok
test repo::tests::operation_job_is_recorded_before_dispatch ... ok
test resources::tests::stale_marking_never_tombstones ... ok
test resources::tests::upsert_reports_added_then_changed_then_quiet ... ok
test resources::tests::stale_marking_touches_only_unseen_resources ... ok
test resources::tests::listing_filters_by_provider_and_state ... ok
test cas::tests::missing_object_is_vfs_not_found ... ok
test cas::tests::corrupt_object_fails_verification ... ok
test cas::tests::put_and_get_round_trip ... ok
test cas::tests::layout_is_two_char_prefix_then_full_digest ... ok
test cas::tests::identical_content_reuses_the_object ... ok
test cas::tests::stream_put_matches_buffered_put ... ok
test cas::tests::no_temp_files_survive_a_successful_put ... ok
test cas::tests::gc_accepts_a_full_digest_and_reconstructs_it_from_the_path ... ok
test cas::tests::gc_keeps_referenced_and_grace_period_objects ... ok
test db::tests::file_backed_store_opens_readers ... ok

test result: ok. 37 passed; 0 failed; 0 ignored; 0 measured; 0 filtered out; finished in 1.57s

     Running unittests src\lib.rs (E:\DevCache\cargo\target-dev\debug\deps\sandtree_vfs-ef4264e5d098b06a.exe)

running 44 tests
test confinement::tests::confine_rejects_traversal_relative ... ok
test confinement::tests::confine_joins_within_root ... ok
test confinement::tests::confine_root_returns_root ... ok
test confinement::tests::guest_reported_traversal_cannot_become_relative_path ... ok
test confinement::tests::is_within_uses_component_boundary ... ok
test confinement::tests::to_relative_strips_root_and_rejects_outside ... ok
test mount::tests::resolve_prefers_longest_prefix ... ok
test path::tests::join_and_parent_round_trip ... ok
test path::tests::rejects_absolute_host_paths ... ok
test mount::tests::insert_get_remove ... ok
test path::tests::rejects_nul_and_oversized ... ok
test mount::tests::listing_is_deterministic ... ok
test mount::tests::mount_mode_wire_round_trip ... ok
test mount::tests::rejects_empty_id ... ok
test error::tests::escape_attempts_map_to_vfs_path_escape ... ok
test mount::tests::unmounted_path_denies_write ... ok
test error::tests::other_errors_map_to_core_invalid ... ok
test path::tests::join_rejects_traversal_names ... ok
test error::tests::renders_domain_error_with_code ... ok
test read::tests::offset_beyond_eof_is_rejected ... ok
test path::tests::rejects_every_traversal_form ... ok
test integration_smoke::parse_reserialize_resolve_flow ... ok
test read::tests::oversized_file_is_rejected_not_truncated ... ok
test path::tests::starts_with_uses_segment_boundary ... ok
test read::tests::explicit_length_within_bounds ... ok
test read::tests::length_is_clamped_to_file_end ... ok
test read::tests::length_none_reads_to_end ... ok
test path::tests::rejects_backslash_and_interior_empty_segment ... ok
test path::tests::serde_round_trips_as_string ... ok
test read::tests::total_budget_clamps_an_otherwise_valid_read ... ok
test read::tests::empty_file_yields_empty_window ... ok
test uri::tests::canonical_form_percent_encodes_odd_characters ... ok
test path::tests::accepts_canonical_and_dotted_forms ... ok
test uri::tests::child_applies_same_validation ... ok
test uri::tests::idempotent_parse_of_canonical_form ... ok
test uri::tests::nested_uri_round_trips ... ok
test uri::tests::percent_decoded_traversal_is_rejected ... ok
test uri::tests::percent_encoded_separator_is_still_a_separator ... ok
test uri::tests::redacted_does_not_leak_full_resource_id ... ok
test uri::tests::rejects_invalid_resource_id ... ok
test uri::tests::rejects_malformed_percent_escapes ... ok
test uri::tests::rejects_missing_and_wrong_scheme ... ok
test uri::tests::root_uri_round_trips ... ok
test uri::tests::serde_round_trips_as_string_and_rejects_traversal ... ok

test result: ok. 44 passed; 0 failed; 0 ignored; 0 measured; 0 filtered out; finished in 0.00s

